<html>

<head>
    <meta charset="utf-8">
    
    <title>Penguin Golden | flaing</title>
    <meta http-equiv="X-UA-Compatible" content="IE=edge">
    <meta name="viewport" content="width=device-width, initial-scale=1">

    <meta name="description" content="">
    <meta name="author" content="">
    <link rel="icon" href="/favicon/favicon.ico">
    
<link rel="stylesheet" href="/css/main.css">

    
<link rel="stylesheet" href="/css/tagplugins.css">

    
<link rel="stylesheet" href="/css/highlight.css">

    


    <!-- rss -->
    
    
      <link rel="alternate" href="/atom.xml" title="flaing" type="application/atom+xml" />
    
<meta name="generator" content="Hexo 5.4.2"></head>

<body>
  <div class="blog-header">
   <a id="menu-nav-icon"><img src="/image/menu.png"/></a>
   <div class="nav-container">
     <nav id="main-nav">
       
         <a class="main-nav-link" href="/">Home</a>
       
         <a class="main-nav-link" href="/archives">Archives</a>
       
     </nav>
   </div>
   <!--
   <div id="search-form-wrap">
     <form action="//google.com/search" method="get" accept-charset="UTF-8" class="search-form"><input type="search" name="q" class="search-form-input" placeholder="Search"><button type="submit" class="search-form-submit">&#xF002;</button><input type="hidden" name="sitesearch" value="http://flaing.github.io"></form>
   </div>
 -->
    <h1 class="blog-title">flaing</h1>
    <p class="lead blog-description">我打發到你們中間的大軍隊，就是蝗蟲、蝻子、螞蚱、剪蟲，那些年所吃的，我要補還你們。 ENTJ 1w2 Lawful Good Paladin</p>
</div>

  <div id='main-part'>
      <div class="main">
<div class="blog-post">
    <!-- Title -->
    <h1 class="blog-post-title">
        <a href="/2024/03/04/golden/">
            Penguin Golden
        </a>
    </h1>
    <!-- Date and Author -->
    <p class="blog-post-meta">
        2024-03-04
        
    </p>

    

    <!-- Content -->
    <p>耶和華：<br>在這方舟上，小舟小姐有什麼特殊技能？</p>
<p>我：<br>小舟小姐的一切都是「平凡」的。因為她是小黃狗。她的特殊技能就是變成企鵝而已。她以為她是拖油瓶，但她是我的皇冠，她是我的刀鞘，她是我的盔甲，她是我的千里馬。晁亞婕是耶和華給僕人彭峻浩的恩賜。只要有這個「平凡」的首席水手在方舟上導航，即使是所有航空母艦我也能征服，因為她即是我的小家。</p>
<p>耶和華：<br>是的。眼見的沒幹麻，幹麻要為眼不見的憂慮呢？所以人子告訴你們：不要為你們的生命而憂慮吃什麼、喝什麼；也不要為你們的身體而憂慮穿什麼；難道生命不比食物更重要，身體不比衣服更重要嗎？ <em>(Matt. 6:25)</em> 你們都花了五年，學習這功課。其實，她爸晁代山也很愛你。更不用說她媽王秋惠，她妹晁亞寧，奶奶晁黃美麗，她外婆，她姑姑們，她舅舅們，她阿姨們，她的舅公也都愛你。但你們當在小事上，也信靠我，因為「我是自有永有的」，你要對美國人這樣說：「那自有的打發我到你們這裡來」。 <em>(Exod. 3:14)</em> 她對你而言不可取代，你對她而言不可取代，因為我對你們兩而言，必不可取代。那拿非利人 <em>(Gene. 6:2-4)</em> 必無法敵擋你與晁亞婕的這方舟，因為那是藉我手所造的。 <em>(Gene. 6:13-18)</em> 浩浩啊，你願意相信我嗎？<br><img src="/2024/03/04/golden/penguin-golden.jpeg"><br>今天在 Twitter 上發現的 <em>「企鵝小黃狗」</em></p>
<p>0304<br>.</p>


    <!-- Social share choices -->
    
  <div id="social-share">
    <a data-url="http://flaing.github.io/2024/03/04/golden/" target="_blank" rel="noopener" href="https://plus.google.com/share?url=" class="googleplus"><img src="/image/googleplusicon.png" alt=""/></a>
    <a data-url="http://flaing.github.io/2024/03/04/golden/" target="_blank" rel="noopener" href="https://twitter.com/intent/tweet?url=" class="twitter"><img src="/image/twittericon.png" alt=""/></a>
    <a data-url="http://flaing.github.io/2024/03/04/golden/" target="_blank" rel="noopener" href="http://pinterest.com/pin/create/button/?url=" class="pinterest"><img src="/image/pinteresticon.png" alt=""/></a>
    <a data-url="http://flaing.github.io/2024/03/04/golden/" target="_blank" rel="noopener" href="https://www.facebook.com/sharer/sharer.php?u=" class="facebook"><img src="/image/facebookicon.png" alt=""/></a>
  </div>





<!--


https://www.facebook.com/sharer/sharer.php?u=http://flaing.github.io/2024/03/04/golden/
http://flaing.github.io/2024/03/04/golden/
-->



    <hr />


    <!-- Tags and Categories links -->
    

    


<div class="blog-tags-container">
    <span><img src="/image/tagsicon.png" alt=""/></span>
    <a href="/tags/gifts/">#gifts</a>
</div>



    <!-- Comment using disqus -->
    

</div>
</div>


  </div>
  <!-- Footer -->
  <div id="footer">
  <div id="footer-social">
    
    
    <a href="https://github.com/flaing" target="_blank"><img src="/image/githubicon.png" alt=""/></a>
    
    
    <a href="https://twitter.com/flaing12" target="_blank"><img src="/image/twittericon.png" alt=""/></a>
    
    
    
    
</div>

  <p id="footer-info">
    &copy; 2024 9ec4c12949a4f31474f299058ce2b22a<br>
    Powered by <a href="http://hexo.io/" target="_blank">Hexo</a> -
    Theme <a href="https://github.com/Suolawangzai/hexo-theme-nebula" target="_blank">nebula</a>
  </p>

  <div id="busuanzi">
    <span id="busuanzi_container_site_pv">
      &hearts;
    Total visits: <span id="busuanzi_value_site_pv"></span>
    </span>
  </div>
  <!--
  <div id="footer-info">
    &copy; 2024 9ec4c12949a4f31474f299058ce2b22a<br>
    Powered by <a href="http://hexo.io/" target="_blank">Hexo</a>
  </div>
-->
</div>

  <!-- After footer scripts -->
  <!-- Disqus Comments -->


<script src="https://ajax.googleapis.com/ajax/libs/jquery/3.2.1/jquery.min.js"></script>
<script async src="//dn-lbstatics.qbox.me/busuanzi/2.3/busuanzi.pure.mini.js"></script>

<script src="/js/main.js"></script>


</body>

</html>
